INFO:     Will watch for changes in these directories: ['C:\\Downloads\\lexa-main-functional\\lexa-main']
INFO:     Uvicorn running on http://127.0.0.1:8000 (Press CTRL+C to quit)
INFO:     Started reloader process [35412] using WatchFiles
INFO:     Started server process [29196]
INFO:     Waiting for application startup.
INFO:     Application startup complete.
WARNING:  WatchFiles detected changes in 'backend\services\gpu_detector.py'. Reloading...
INFO:     Shutting down
INFO:     Waiting for application shutdown.
INFO:     Application shutdown complete.
INFO:     Finished server process [29196]
WARNING:  WatchFiles detected changes in 'backend\processing\document_processor.py', 'backend\api\routes.py', 'backend\training\__init__.py', 'backend\training\dataset.py', 'backend\training\train.py', 'backend\api\training_routes.py', 'backend\services\vllm_client.py', 'backend\config.py', 'backend\retrieval\retriever.py', 'backend\training\inference.py', 'backend\services\nim_client.py', 'backend\main.py'. Reloading...
INFO:     Started server process [1508]
INFO:     Waiting for application startup.
INFO:     Application startup complete.
ERROR:    Traceback (most recent call last):
  File "C:\Users\Sunny kumar\AppData\Local\Programs\Python\Python311\Lib\asyncio\runners.py", line 118, in run
    return self._loop.run_until_complete(task)
           ^^^^^^^^^^^^^^^^^^^^^^^^^^^^^^^^^^^
  File "C:\Users\Sunny kumar\AppData\Local\Programs\Python\Python311\Lib\asyncio\base_events.py", line 654, in run_until_complete
    return future.result()
           ^^^^^^^^^^^^^^^
asyncio.exceptions.CancelledError

During handling of the above exception, another exception occurred:

Traceback (most recent call last):
  File "C:\Users\Sunny kumar\AppData\Local\Programs\Python\Python311\Lib\asyncio\runners.py", line 190, in run
    return runner.run(main)
           ^^^^^^^^^^^^^^^^
  File "C:\Users\Sunny kumar\AppData\Local\Programs\Python\Python311\Lib\asyncio\runners.py", line 123, in run
    raise KeyboardInterrupt()
KeyboardInterrupt

During handling of the above exception, another exception occurred:

Traceback (most recent call last):
  File "C:\Downloads\lexa-main-functional\lexa-main\.venv\Lib\site-packages\starlette\routing.py", line 741, in lifespan
    await receive()
  File "C:\Downloads\lexa-main-functional\lexa-main\.venv\Lib\site-packages\uvicorn\lifespan\on.py", line 137, in receive
    return await self.receive_queue.get()
           ^^^^^^^^^^^^^^^^^^^^^^^^^^^^^^
  File "C:\Users\Sunny kumar\AppData\Local\Programs\Python\Python311\Lib\asyncio\queues.py", line 158, in get
    await getter
asyncio.exceptions.CancelledError

INFO:     Started server process [34944]
INFO:     Waiting for application startup.
INFO:     Application startup complete.

A module that was compiled using NumPy 1.x cannot be run in
NumPy 2.4.6 as it may crash. To support both 1.x and 2.x
versions of NumPy, modules must be compiled with NumPy 2.0.
Some module may need to rebuild instead e.g. with 'pybind11>=2.12'.

If you are a user of the module, the easiest solution will be to
downgrade to 'numpy<2' or try to upgrade the affected module.
We expect that some modules will need time to support NumPy 2.

Traceback (most recent call last):  File "C:\Users\Sunny kumar\AppData\Local\Programs\Python\Python311\Lib\threading.py", line 1002, in _bootstrap
    self._bootstrap_inner()
  File "C:\Users\Sunny kumar\AppData\Local\Programs\Python\Python311\Lib\threading.py", line 1045, in _bootstrap_inner
    self.run()
  File "C:\Downloads\lexa-main-functional\lexa-main\.venv\Lib\site-packages\anyio\_backends\_asyncio.py", line 1002, in run
    result = context.run(func, *args)
  File "C:\Downloads\lexa-main-functional\lexa-main\backend\api\routes.py", line 30, in analyze_case
    state = run_workflow(
  File "C:\Downloads\lexa-main-functional\lexa-main\backend\graph\workflow.py", line 28, in run_workflow
    updates = step(state)
  File "C:\Downloads\lexa-main-functional\lexa-main\backend\retrieval\retriever.py", line 164, in legal_research
    laws = retrieve_laws(query)
  File "C:\Downloads\lexa-main-functional\lexa-main\backend\retrieval\retriever.py", line 153, in retrieve_laws
    return _retrieve_faiss(query, k)
  File "C:\Downloads\lexa-main-functional\lexa-main\backend\retrieval\retriever.py", line 110, in _retrieve_faiss
    _build_or_load_faiss_index(chunks)
  File "C:\Downloads\lexa-main-functional\lexa-main\backend\retrieval\retriever.py", line 74, in _build_or_load_faiss_index
    import faiss
  File "C:\Downloads\lexa-main-functional\lexa-main\.venv\Lib\site-packages\faiss\__init__.py", line 29, in <module>
    from .loader import *
  File "C:\Downloads\lexa-main-functional\lexa-main\.venv\Lib\site-packages\faiss\loader.py", line 87, in <module>
    from .swigfaiss_avx2 import *
  File "C:\Downloads\lexa-main-functional\lexa-main\.venv\Lib\site-packages\faiss\swigfaiss_avx2.py", line 10, in <module>
    from . import _swigfaiss_avx2
AttributeError: _ARRAY_API not found

A module that was compiled using NumPy 1.x cannot be run in
NumPy 2.4.6 as it may crash. To support both 1.x and 2.x
versions of NumPy, modules must be compiled with NumPy 2.0.
Some module may need to rebuild instead e.g. with 'pybind11>=2.12'.

If you are a user of the module, the easiest solution will be to
downgrade to 'numpy<2' or try to upgrade the affected module.
We expect that some modules will need time to support NumPy 2.

Traceback (most recent call last):  File "C:\Users\Sunny kumar\AppData\Local\Programs\Python\Python311\Lib\threading.py", line 1002, in _bootstrap
    self._bootstrap_inner()
  File "C:\Users\Sunny kumar\AppData\Local\Programs\Python\Python311\Lib\threading.py", line 1045, in _bootstrap_inner
    self.run()
  File "C:\Downloads\lexa-main-functional\lexa-main\.venv\Lib\site-packages\anyio\_backends\_asyncio.py", line 1002, in run
    result = context.run(func, *args)
  File "C:\Downloads\lexa-main-functional\lexa-main\backend\api\routes.py", line 30, in analyze_case
    state = run_workflow(
  File "C:\Downloads\lexa-main-functional\lexa-main\backend\graph\workflow.py", line 28, in run_workflow
    updates = step(state)
  File "C:\Downloads\lexa-main-functional\lexa-main\backend\retrieval\retriever.py", line 164, in legal_research
    laws = retrieve_laws(query)
  File "C:\Downloads\lexa-main-functional\lexa-main\backend\retrieval\retriever.py", line 153, in retrieve_laws
    return _retrieve_faiss(query, k)
  File "C:\Downloads\lexa-main-functional\lexa-main\backend\retrieval\retriever.py", line 110, in _retrieve_faiss
    _build_or_load_faiss_index(chunks)
  File "C:\Downloads\lexa-main-functional\lexa-main\backend\retrieval\retriever.py", line 74, in _build_or_load_faiss_index
    import faiss
  File "C:\Downloads\lexa-main-functional\lexa-main\.venv\Lib\site-packages\faiss\__init__.py", line 29, in <module>
    from .loader import *
  File "C:\Downloads\lexa-main-functional\lexa-main\.venv\Lib\site-packages\faiss\loader.py", line 98, in <module>
    from .swigfaiss import *
  File "C:\Downloads\lexa-main-functional\lexa-main\.venv\Lib\site-packages\faiss\swigfaiss.py", line 10, in <module>
    from . import _swigfaiss
AttributeError: _ARRAY_API not found
WARNING:  WatchFiles detected changes in 'lexa_gpu\Lib\site-packages\setuptools\_vendor\tomli\_types.py', 'lexa_gpu\Lib\site-packages\setuptools\config\__init__.py', 'lexa_gpu\Lib\site-packages\setuptools\_vendor\more_itertools\__init__.py', 'lexa_gpu\Lib\site-packages\setuptools\_vendor\importlib_resources\_itertools.py', 'lexa_gpu\Lib\site-packages\setuptools\installer.py', 'lexa_gpu\Lib\site-packages\setuptools\_vendor\tomli\_parser.py', 'lexa_gpu\Lib\site-packages\setuptools\discovery.py', 'lexa_gpu\Lib\site-packages\setuptools\_path.py', 'lexa_gpu\Lib\site-packages\setuptools\_distutils\dist.py', 'lexa_gpu\Lib\site-packages\setuptools\_vendor\importlib_metadata\__init__.py', 'lexa_gpu\Lib\site-packages\setuptools\command\alias.py', 'lexa_gpu\Lib\site-packages\setuptools\wheel.py', 'lexa_gpu\Lib\site-packages\setuptools\sandbox.py', 'lexa_gpu\Lib\site-packages\setuptools\_distutils\dep_util.py', 'lexa_gpu\Lib\site-packages\setuptools\_vendor\packaging\_structures.py', 'lexa_gpu\Lib\site-packages\setuptools\_vendor\zipp.py', 'lexa_gpu\Lib\site-packages\setuptools\_vendor\packaging\utils.py', 'lexa_gpu\Lib\site-packages\setuptools\_distutils\spawn.py', 'lexa_gpu\Lib\site-packages\setuptools\_distutils\file_util.py', 'lexa_gpu\Lib\site-packages\setuptools\_vendor\pyparsing\diagram\__init__.py', 'lexa_gpu\Lib\site-packages\pkg_resources\_vendor\importlib_resources\_adapters.py', 'lexa_gpu\Lib\site-packages\setuptools\_distutils\ccompiler.py', 'lexa_gpu\Lib\site-packages\setuptools\_distutils\text_file.py', 'lexa_gpu\Lib\site-packages\setuptools\_vendor\importlib_metadata\_compat.py', 'lexa_gpu\Lib\site-packages\setuptools\windows_support.py', 'lexa_gpu\Lib\site-packages\setuptools\_distutils\command\install_lib.py', 'lexa_gpu\Lib\site-packages\setuptools\_vendor\importlib_metadata\_text.py', 'lexa_gpu\Lib\site-packages\setuptools\_distutils\_collections.py', 'lexa_gpu\Lib\site-packages\pkg_resources\__init__.py', 'lexa_gpu\Lib\site-packages\setuptools\_importlib.py', 'lexa_gpu\Lib\site-packages\setuptools\version.py', 'lexa_gpu\Lib\site-packages\setuptools\_distutils\command\__init__.py', 'lexa_gpu\Lib\site-packages\pkg_resources\_vendor\pyparsing\actions.py', 'lexa_gpu\Lib\site-packages\setuptools\errors.py', 'lexa_gpu\Lib\site-packages\setuptools\_vendor\pyparsing\__init__.py', 'lexa_gpu\Lib\site-packages\setuptools\command\install_lib.py', 'lexa_gpu\Lib\site-packages\setuptools\_distutils\filelist.py', 'lexa_gpu\Lib\site-packages\pkg_resources\_vendor\pyparsing\util.py', 'lexa_gpu\Lib\site-packages\setuptools\_distutils\command\install_data.py', 'lexa_gpu\Lib\site-packages\pkg_resources\_vendor\importlib_resources\__init__.py', 'lexa_gpu\Lib\site-packages\setuptools\monkey.py', 'lexa_gpu\Lib\site-packages\setuptools\_vendor\importlib_resources\__init__.py', 'lexa_gpu\Lib\site-packages\pkg_resources\_vendor\pyparsing\testing.py', 'lexa_gpu\Lib\site-packages\pkg_resources\_vendor\packaging\specifiers.py', 'lexa_gpu\Lib\site-packages\setuptools\command\dist_info.py', 'lexa_gpu\Lib\site-packages\pkg_resources\_vendor\pyparsing\exceptions.py', 'lexa_gpu\Lib\site-packages\setuptools\command\egg_info.py', 'lexa_gpu\Lib\site-packages\setuptools\_vendor\tomli\__init__.py', 'lexa_gpu\Lib\site-packages\setuptools\_distutils\command\build_py.py', 'lexa_gpu\Lib\site-packages\setuptools\config\_validate_pyproject\__init__.py', 'lexa_gpu\Lib\site-packages\setuptools\_distutils\_msvccompiler.py', 'lexa_gpu\Lib\site-packages\pkg_resources\_vendor\packaging\tags.py', 'lexa_gpu\Lib\site-packages\setuptools\_vendor\packaging\__about__.py', 'lexa_gpu\Lib\site-packages\setuptools\_vendor\importlib_metadata\_itertools.py', 'lexa_gpu\Lib\site-packages\pkg_resources\_vendor\pyparsing\diagram\__init__.py', 'lexa_gpu\Lib\site-packages\setuptools\_vendor\pyparsing\helpers.py', 'lexa_gpu\Lib\site-packages\pkg_resources\_vendor\importlib_resources\_compat.py', 'lexa_gpu\Lib\site-packages\setuptools\_vendor\pyparsing\util.py', 'lexa_gpu\Lib\site-packages\setuptools\_vendor\importlib_resources\_compat.py', 'lexa_gpu\Lib\site-packages\setuptools\command\build_ext.py', 'lexa_gpu\Lib\site-packages\pkg_resources\_vendor\pyparsing\core.py', 'lexa_gpu\Lib\site-packages\setuptools\launch.py', 'lexa_gpu\Lib\site-packages\setuptools\command\build_py.py', 'lexa_gpu\Lib\site-packages\setuptools\dist.py', 'lexa_gpu\Lib\site-packages\setuptools\_distutils\version.py', 'lexa_gpu\Lib\site-packages\pkg_resources\_vendor\jaraco\context.py', 'lexa_gpu\Lib\site-packages\pkg_resources\_vendor\more_itertools\__init__.py', 'lexa_gpu\Lib\site-packages\setuptools\command\rotate.py', 'lexa_gpu\Lib\site-packages\setuptools\_distutils\errors.py', 'lexa_gpu\Lib\site-packages\setuptools\_distutils\log.py', 'lexa_gpu\Lib\site-packages\pkg_resources\_vendor\zipp.py', 'lexa_gpu\Lib\site-packages\pkg_resources\_vendor\packaging\markers.py', 'lexa_gpu\Lib\site-packages\setuptools\_distutils\command\_framework_compat.py', 'lexa_gpu\Lib\site-packages\setuptools\_distutils\config.py', 'lexa_gpu\Lib\site-packages\setuptools\_distutils\_macos_compat.py', 'lexa_gpu\Lib\site-packages\setuptools\_distutils\msvccompiler.py', 'lexa_gpu\Lib\site-packages\pkg_resources\_vendor\packaging\__init__.py', 'lexa_gpu\Lib\site-packages\setuptools\_distutils\msvc9compiler.py', 'lexa_gpu\Lib\site-packages\setuptools\_distutils\fancy_getopt.py', 'lexa_gpu\Lib\site-packages\setuptools\_vendor\importlib_metadata\_collections.py', 'lexa_gpu\Lib\site-packages\setuptools\archive_util.py', 'lexa_gpu\Lib\site-packages\setuptools\_vendor\pyparsing\results.py', 'lexa_gpu\Lib\site-packages\setuptools\_vendor\jaraco\__init__.py', 'lexa_gpu\Lib\site-packages\setuptools\_entry_points.py', 'lexa_gpu\Lib\site-packages\setuptools\_distutils\command\build.py', 'lexa_gpu\Lib\site-packages\pkg_resources\_vendor\importlib_resources\_itertools.py', 'lexa_gpu\Lib\site-packages\setuptools\_distutils\sysconfig.py', 'lexa_gpu\Lib\site-packages\setuptools\_distutils\bcppcompiler.py', 'lexa_gpu\Lib\site-packages\setuptools\_vendor\packaging\version.py', 'lexa_gpu\Lib\site-packages\setuptools\_distutils\debug.py', 'lexa_gpu\Lib\site-packages\setuptools\_distutils\cygwinccompiler.py', 'lexa_gpu\Lib\site-packages\setuptools\_vendor\importlib_resources\simple.py', 'lexa_gpu\Lib\site-packages\pkg_resources\_vendor\importlib_resources\_common.py', 'lexa_gpu\Lib\site-packages\setuptools\_vendor\importlib_resources\_common.py', 'lexa_gpu\Lib\site-packages\setuptools\_vendor\packaging\_manylinux.py', 'lexa_gpu\Lib\site-packages\setuptools\unicode_utils.py', 'lexa_gpu\Lib\site-packages\pkg_resources\_vendor\pyparsing\__init__.py', 'lexa_gpu\Lib\site-packages\pkg_resources\_vendor\packaging\_structures.py', 'lexa_gpu\Lib\site-packages\pkg_resources\_vendor\packaging\utils.py', 'lexa_gpu\Lib\site-packages\setuptools\_imp.py', 'lexa_gpu\Lib\site-packages\setuptools\command\saveopts.py', 'lexa_gpu\Lib\site-packages\setuptools\command\setopt.py', 'lexa_gpu\Lib\site-packages\setuptools\_vendor\__init__.py', 'lexa_gpu\Lib\site-packages\setuptools\_vendor\packaging\requirements.py', 'lexa_gpu\Lib\site-packages\setuptools\_vendor\more_itertools\recipes.py', 'lexa_gpu\Lib\site-packages\setuptools\_distutils\archive_util.py', 'lexa_gpu\Lib\site-packages\setuptools\_vendor\jaraco\functools.py', 'lexa_gpu\Lib\site-packages\setuptools\msvc.py', 'lexa_gpu\Lib\site-packages\setuptools\_distutils\unixccompiler.py', 'lexa_gpu\Lib\site-packages\setuptools\config\expand.py', 'lexa_gpu\Lib\site-packages\pkg_resources\_vendor\importlib_resources\readers.py', 'lexa_gpu\Lib\site-packages\setuptools\_vendor\importlib_resources\readers.py', 'lexa_gpu\Lib\site-packages\setuptools\command\develop.py', 'lexa_gpu\Lib\site-packages\setuptools\_distutils\command\build_scripts.py', 'lexa_gpu\Lib\site-packages\setuptools\_distutils\command\install_headers.py', 'lexa_gpu\Lib\site-packages\setuptools\_distutils\command\check.py', 'lexa_gpu\Lib\site-packages\setuptools\_vendor\more_itertools\more.py', 'lexa_gpu\Lib\site-packages\pkg_resources\_vendor\pyparsing\helpers.py', 'lexa_gpu\Lib\site-packages\setuptools\config\_apply_pyprojecttoml.py', 'lexa_gpu\Lib\site-packages\setuptools\_distutils\command\install_scripts.py', 'lexa_gpu\Lib\site-packages\setuptools\command\__init__.py', 'lexa_gpu\Lib\site-packages\setuptools\_vendor\typing_extensions.py', 'lexa_gpu\Lib\site-packages\setuptools\command\install_scripts.py', 'lexa_gpu\Lib\site-packages\setuptools\depends.py', 'lexa_gpu\Lib\site-packages\pkg_resources\_vendor\packaging\__about__.py', 'lexa_gpu\Lib\site-packages\setuptools\_distutils\command\sdist.py', 'lexa_gpu\Lib\site-packages\setuptools\config\_validate_pyproject\extra_validations.py', 'lexa_gpu\Lib\site-packages\pkg_resources\_vendor\pyparsing\unicode.py', 'lexa_gpu\Lib\site-packages\setuptools\_distutils\command\config.py', 'lexa_gpu\Lib\site-packages\setuptools\_distutils\command\clean.py', 'lexa_gpu\Lib\site-packages\pkg_resources\_vendor\pyparsing\results.py', 'lexa_gpu\Lib\site-packages\pkg_resources\_vendor\jaraco\__init__.py', 'lexa_gpu\Lib\site-packages\setuptools\extension.py', 'lexa_gpu\Lib\site-packages\setuptools\_distutils\_functools.py', 'lexa_gpu\Lib\site-packages\setuptools\_distutils\command\bdist_rpm.py', 'lexa_gpu\Lib\site-packages\setuptools\_vendor\packaging\_musllinux.py', 'lexa_gpu\Lib\site-packages\setuptools\command\sdist.py', 'lexa_gpu\Lib\site-packages\setuptools\_distutils\command\bdist.py', 'lexa_gpu\Lib\site-packages\setuptools\_distutils\command\register.py', 'lexa_gpu\Lib\site-packages\setuptools\_vendor\pyparsing\unicode.py', 'lexa_gpu\Lib\site-packages\setuptools\_distutils\dir_util.py', 'lexa_gpu\Lib\site-packages\setuptools\_vendor\importlib_resources\_legacy.py', 'lexa_gpu\Lib\site-packages\setuptools\command\bdist_rpm.py', 'lexa_gpu\Lib\site-packages\setuptools\_vendor\importlib_metadata\_adapters.py', 'lexa_gpu\Lib\site-packages\pkg_resources\_vendor\importlib_resources\simple.py', 'lexa_gpu\Lib\site-packages\setuptools\config\setupcfg.py', 'lexa_gpu\Lib\site-packages\setuptools\_distutils\command\install.py', 'lexa_gpu\Lib\site-packages\setuptools\_distutils\command\install_egg_info.py', 'lexa_gpu\Lib\site-packages\pkg_resources\_vendor\packaging\version.py', 'lexa_gpu\Lib\site-packages\setuptools\namespaces.py', 'lexa_gpu\Lib\site-packages\setuptools\command\build.py', 'lexa_gpu\Lib\site-packages\pkg_resources\_vendor\more_itertools\recipes.py', 'lexa_gpu\Lib\site-packages\setuptools\_distutils\command\bdist_dumb.py', 'lexa_gpu\Lib\site-packages\pkg_resources\_vendor\jaraco\functools.py', 'lexa_gpu\Lib\site-packages\setuptools\_distutils\command\build_clib.py', 'lexa_gpu\Lib\site-packages\pkg_resources\_vendor\appdirs.py', 'lexa_gpu\Lib\site-packages\setuptools\_distutils\core.py', 'lexa_gpu\Lib\site-packages\pkg_resources\_vendor\packaging\_manylinux.py', 'lexa_gpu\Lib\site-packages\setuptools\_distutils\extension.py', 'lexa_gpu\Lib\site-packages\setuptools\_distutils\py39compat.py', 'lexa_gpu\Lib\site-packages\setuptools\logging.py', 'lexa_gpu\Lib\site-packages\_distutils_hack\override.py', 'lexa_gpu\Lib\site-packages\setuptools\_vendor\jaraco\text\__init__.py', 'lexa_gpu\Lib\site-packages\setuptools\command\install.py', 'lexa_gpu\Lib\site-packages\setuptools\command\install_egg_info.py', 'lexa_gpu\Lib\site-packages\pkg_resources\_vendor\more_itertools\more.py', 'lexa_gpu\Lib\site-packages\setuptools\command\build_clib.py', 'lexa_gpu\Lib\site-packages\setuptools\_distutils\command\py37compat.py', 'lexa_gpu\Lib\site-packages\pkg_resources\_vendor\pyparsing\common.py', 'lexa_gpu\Lib\site-packages\setuptools\__init__.py', 'lexa_gpu\Lib\site-packages\setuptools\build_meta.py', 'lexa_gpu\Lib\site-packages\pkg_resources\_vendor\packaging\requirements.py', 'lexa_gpu\Lib\site-packages\setuptools\_distutils\py38compat.py', 'lexa_gpu\Lib\site-packages\setuptools\command\test.py', 'lexa_gpu\Lib\site-packages\setuptools\extern\__init__.py', 'lexa_gpu\Lib\site-packages\setuptools\_vendor\importlib_metadata\_functools.py', 'lexa_gpu\Lib\site-packages\setuptools\config\_validate_pyproject\fastjsonschema_validations.py', 'lexa_gpu\Lib\site-packages\setuptools\glob.py', 'lexa_gpu\Lib\site-packages\setuptools\_vendor\importlib_resources\_adapters.py', 'lexa_gpu\Lib\site-packages\setuptools\command\editable_wheel.py', 'lexa_gpu\Lib\site-packages\setuptools\_distutils\command\upload.py', 'lexa_gpu\Lib\site-packages\setuptools\config\_validate_pyproject\fastjsonschema_exceptions.py', 'lexa_gpu\Lib\site-packages\setuptools\_vendor\pyparsing\common.py', 'lexa_gpu\Lib\site-packages\setuptools\_vendor\tomli\_re.py', 'lexa_gpu\Lib\site-packages\pkg_resources\_vendor\jaraco\text\__init__.py', 'lexa_gpu\Lib\site-packages\setuptools\command\easy_install.py', 'lexa_gpu\Lib\site-packages\setuptools\py34compat.py', 'lexa_gpu\Lib\site-packages\setuptools\command\upload.py', 'lexa_gpu\Lib\site-packages\setuptools\_vendor\packaging\specifiers.py', 'lexa_gpu\Lib\site-packages\setuptools\command\upload_docs.py', 'lexa_gpu\Lib\site-packages\setuptools\_vendor\importlib_metadata\_meta.py', 'lexa_gpu\Lib\site-packages\setuptools\_distutils\__init__.py', 'lexa_gpu\Lib\site-packages\setuptools\_distutils\cmd.py', 'lexa_gpu\Lib\site-packages\setuptools\config\pyprojecttoml.py', 'lexa_gpu\Lib\site-packages\setuptools\_distutils\command\build_ext.py', 'lexa_gpu\Lib\site-packages\setuptools\_vendor\packaging\tags.py', 'lexa_gpu\Lib\site-packages\setuptools\package_index.py', 'lexa_gpu\Lib\site-packages\setuptools\config\_validate_pyproject\error_reporting.py', 'lexa_gpu\Lib\site-packages\setuptools\_vendor\pyparsing\actions.py', 'lexa_gpu\Lib\site-packages\setuptools\_vendor\ordered_set.py', 'lexa_gpu\Lib\site-packages\setuptools\_itertools.py', 'lexa_gpu\Lib\site-packages\pkg_resources\_vendor\packaging\_musllinux.py', 'lexa_gpu\Lib\site-packages\setuptools\config\_validate_pyproject\formats.py', 'lexa_gpu\Lib\site-packages\pkg_resources\_vendor\__init__.py', 'lexa_gpu\Lib\site-packages\pkg_resources\_vendor\importlib_resources\abc.py', 'lexa_gpu\Lib\site-packages\setuptools\_vendor\pyparsing\testing.py', 'lexa_gpu\Lib\site-packages\setuptools\_vendor\importlib_resources\abc.py', 'lexa_gpu\Lib\site-packages\setuptools\command\bdist_egg.py', 'lexa_gpu\Lib\site-packages\pkg_resources\_vendor\importlib_resources\_legacy.py', 'lexa_gpu\Lib\site-packages\setuptools\_vendor\pyparsing\exceptions.py', 'lexa_gpu\Lib\site-packages\setuptools\command\py36compat.py', 'lexa_gpu\Lib\site-packages\pkg_resources\extern\__init__.py', 'lexa_gpu\Lib\site-packages\setuptools\_distutils\versionpredicate.py', 'lexa_gpu\Lib\site-packages\setuptools\_distutils\util.py', 'lexa_gpu\Lib\site-packages\setuptools\_vendor\packaging\markers.py', 'lexa_gpu\Lib\site-packages\setuptools\_reqs.py', 'lexa_gpu\Lib\site-packages\setuptools\dep_util.py', 'lexa_gpu\Lib\site-packages\setuptools\command\register.py', 'lexa_gpu\Lib\site-packages\setuptools\_vendor\packaging\__init__.py', 'lexa_gpu\Lib\site-packages\_distutils_hack\__init__.py', 'lexa_gpu\Lib\site-packages\setuptools\_deprecation_warning.py', 'lexa_gpu\Lib\site-packages\setuptools\_vendor\pyparsing\core.py', 'lexa_gpu\Lib\site-packages\setuptools\_vendor\jaraco\context.py'. Reloading...
INFO:     Shutting down
INFO:     Waiting for application shutdown.
INFO:     Application shutdown complete.
INFO:     Finished server process [34944]
